// Jest Snapshot v1, https://goo.gl/fbAQLP

exports[`modal closeIcon should render the closeIcon by default 1`] = `
<button
  class="react-responsive-modal-closeButton"
  data-testid="close-button"
>
  <svg
    data-testid="close-icon"
    height="28"
    viewBox="0 0 36 36"
    width="28"
  >
    <path
      d="M28.5 9.62L26.38 7.5 18 15.88 9.62 7.5 7.5 9.62 15.88 18 7.5 26.38l2.12 2.12L18 20.12l8.38 8.38 2.12-2.12L20.12 18z"
    />
  </svg>
</button>
`;

exports[`modal prop: closeIcon should render custom icon instead of the default one 1`] = `
<div
  data-testid="custom-icon"
>
  custom icon
</div>
`;
